[main] started 42 self-play workers on GPUs [1, 2, 3, 4, 5, 6, 7], 96 games each, 512 sims/move
[learner] published initial weights to runs/az
[   1.0 min] step       0 | games       0 (  0.0/s) | buffer        0 | reuse 0.00 | policy 0.0000 value 0.0000 | 358.9 min left
[   2.0 min] step     319 | games    3136 ( 26.1/s) | buffer    54436 | reuse 6.00 | policy 3.9025 value 0.8844 | 357.9 min left
[   3.0 min] step     735 | games    6458 ( 35.9/s) | buffer   125325 | reuse 6.01 | policy 3.7469 value 0.8333 | 356.9 min left
[   4.0 min] step    1163 | games   10236 ( 42.6/s) | buffer   198413 | reuse 6.00 | policy 3.6781 value 0.8141 | 355.9 min left
[   5.0 min] step    1559 | games   13778 ( 45.9/s) | buffer   266067 | reuse 6.00 | policy 3.5856 value 0.7969 | 354.9 min left
[   6.0 min] step    1964 | games   17235 ( 47.8/s) | buffer   335064 | reuse 6.00 | policy 3.4791 value 0.7774 | 353.9 min left
[   7.0 min] step    2392 | games   20948 ( 49.8/s) | buffer   408164 | reuse 6.00 | policy 3.3741 value 0.7586 | 352.9 min left
[   8.0 min] step    2736 | games   23638 ( 49.2/s) | buffer   466846 | reuse 6.00 | policy 3.2944 value 0.7437 | 351.9 min left
[   9.0 min] step    3134 | games   26530 ( 49.1/s) | buffer   534762 | reuse 6.00 | policy 2.6278 value 0.6115 | 350.9 min left
[  10.0 min] step    3536 | games   29399 ( 49.0/s) | buffer   603459 | reuse 6.00 | policy 2.5758 value 0.6012 | 349.9 min left
[  11.0 min] step    3926 | games   32157 ( 48.7/s) | buffer   669900 | reuse 6.00 | policy 2.5338 value 0.5940 | 348.9 min left
[  12.0 min] step    4318 | games   34905 ( 48.5/s) | buffer   736778 | reuse 6.00 | policy 2.3788 value 0.5651 | 347.9 min left
[  13.0 min] step    4722 | games   37643 ( 48.2/s) | buffer   805791 | reuse 6.00 | policy 2.3475 value 0.5610 | 346.9 min left
[  14.0 min] step    5134 | games   40438 ( 48.1/s) | buffer   876186 | reuse 6.00 | policy 2.3221 value 0.5563 | 345.9 min left
[  15.0 min] step    5530 | games   43187 ( 48.0/s) | buffer   943644 | reuse 6.00 | policy 2.2991 value 0.5524 | 344.9 min left
[  16.0 min] step    5929 | games   45877 ( 47.8/s) | buffer  1011909 | reuse 6.00 | policy 2.2776 value 0.5487 | 343.9 min left
[  17.0 min] step    6335 | games   48566 ( 47.6/s) | buffer  1081166 | reuse 6.00 | policy 2.1616 value 0.5276 | 342.9 min left
[  18.0 min] step    6717 | games   51051 ( 47.2/s) | buffer  1146335 | reuse 6.00 | policy 2.1496 value 0.5248 | 341.9 min left
[  19.0 min] step    7114 | games   53531 ( 46.9/s) | buffer  1214097 | reuse 6.00 | policy 2.1364 value 0.5228 | 340.9 min left
[  20.0 min] step    7525 | games   56046 ( 46.7/s) | buffer  1284119 | reuse 6.00 | policy 2.1258 value 0.5211 | 339.9 min left
[  21.0 min] step    7926 | games   58582 ( 46.5/s) | buffer  1352643 | reuse 6.00 | policy 2.1170 value 0.5196 | 338.9 min left
[  22.0 min] step    8315 | games   61048 ( 46.2/s) | buffer  1418959 | reuse 6.00 | policy 2.1087 value 0.5183 | 337.9 min left
[  23.0 min] step    8718 | games   63600 ( 46.1/s) | buffer  1487835 | reuse 6.00 | policy 2.1000 value 0.5166 | 336.9 min left
[  24.0 min] step    9110 | games   66121 ( 45.9/s) | buffer  1554665 | reuse 6.00 | policy 2.0927 value 0.5148 | 335.9 min left
[  25.0 min] step    9501 | games   68520 ( 45.7/s) | buffer  1621416 | reuse 6.00 | policy 2.0851 value 0.5128 | 334.9 min left
[  26.0 min] step    9895 | games   70974 ( 45.5/s) | buffer  1688596 | reuse 6.00 | policy 2.0777 value 0.5113 | 333.9 min left
[  27.0 min] step   10279 | games   73298 ( 45.2/s) | buffer  1754221 | reuse 6.00 | policy 2.0706 value 0.5095 | 332.9 min left
[  28.0 min] step   10690 | games   75739 ( 45.1/s) | buffer  1824351 | reuse 6.00 | policy 2.0636 value 0.5075 | 331.9 min left
[  29.0 min] step   11120 | games   78333 ( 45.0/s) | buffer  1897711 | reuse 6.00 | policy 2.0571 value 0.5059 | 330.9 min left
[  30.0 min] step   11504 | games   80792 ( 44.9/s) | buffer  1963194 | reuse 6.00 | policy 2.0515 value 0.5043 | 329.9 min left
[  31.0 min] step   11900 | games   83224 ( 44.7/s) | buffer  2030897 | reuse 6.00 | policy 2.0460 value 0.5027 | 328.9 min left
[  32.0 min] step   12322 | games   85709 ( 44.6/s) | buffer  2102921 | reuse 6.00 | policy 1.9605 value 0.4759 | 327.9 min left
[  33.0 min] step   12745 | games   88203 ( 44.5/s) | buffer  2175001 | reuse 6.00 | policy 1.9579 value 0.4743 | 326.9 min left
[  34.0 min] step   13167 | games   90733 ( 44.5/s) | buffer  2247132 | reuse 6.00 | policy 1.9525 value 0.4675 | 325.9 min left
[  35.0 min] step   13556 | games   93196 ( 44.4/s) | buffer  2313540 | reuse 6.00 | policy 1.9512 value 0.4678 | 324.9 min left
[  36.0 min] step   13955 | games   95656 ( 44.3/s) | buffer  2381512 | reuse 6.00 | policy 1.9469 value 0.4656 | 323.9 min left
[  37.0 min] step   14361 | games   98155 ( 44.2/s) | buffer  2450893 | reuse 6.00 | policy 1.9428 value 0.4641 | 322.9 min left
[  38.0 min] step   14766 | games  100623 ( 44.1/s) | buffer  2519981 | reuse 6.00 | policy 1.9418 value 0.4628 | 321.9 min left
[  39.0 min] step   15191 | games  103112 ( 44.0/s) | buffer  2592440 | reuse 6.00 | policy 1.9403 value 0.4612 | 320.9 min left
[  40.0 min] step   15587 | games  105622 ( 44.0/s) | buffer  2660120 | reuse 6.00 | policy 1.9385 value 0.4598 | 319.9 min left
[  41.0 min] step   16018 | games  108158 ( 43.9/s) | buffer  2733702 | reuse 6.00 | policy 1.9360 value 0.4580 | 318.9 min left
[  42.0 min] step   16437 | games  110685 ( 43.9/s) | buffer  2805153 | reuse 6.00 | policy 1.9342 value 0.4566 | 317.9 min left
[  43.0 min] step   16874 | games  113287 ( 43.9/s) | buffer  2879823 | reuse 6.00 | policy 1.9320 value 0.4550 | 316.9 min left
[  44.0 min] step   17280 | games  115763 ( 43.8/s) | buffer  2949050 | reuse 6.00 | policy 1.9110 value 0.4367 | 315.9 min left
[  45.0 min] step   17706 | games  118304 ( 43.8/s) | buffer  3000000 | reuse 6.00 | policy 1.9101 value 0.4361 | 314.9 min left
[  46.0 min] step   18128 | games  120906 ( 43.8/s) | buffer  3000000 | reuse 6.00 | policy 1.8964 value 0.4323 | 313.9 min left
[  47.0 min] step   18540 | games  123512 ( 43.8/s) | buffer  3000000 | reuse 6.00 | policy 1.8783 value 0.4281 | 312.9 min left
[  48.0 min] step   18939 | games  126076 ( 43.8/s) | buffer  3000000 | reuse 6.00 | policy 1.8620 value 0.4240 | 311.9 min left
[  49.0 min] step   19344 | games  128582 ( 43.7/s) | buffer  3000000 | reuse 6.00 | policy 1.8476 value 0.4203 | 310.9 min left
[  50.0 min] step   19755 | games  131098 ( 43.7/s) | buffer  3000000 | reuse 6.00 | policy 1.8353 value 0.4166 | 309.9 min left
[  51.0 min] step   20173 | games  133618 ( 43.6/s) | buffer  3000000 | reuse 6.00 | policy 1.8250 value 0.4137 | 308.9 min left
[  52.0 min] step   20583 | games  136206 ( 43.6/s) | buffer  3000000 | reuse 6.00 | policy 1.8168 value 0.4114 | 307.9 min left
[  53.0 min] step   20978 | games  138756 ( 43.6/s) | buffer  3000000 | reuse 6.00 | policy 1.8103 value 0.4093 | 306.9 min left
[  54.0 min] step   21399 | games  141388 ( 43.6/s) | buffer  3000000 | reuse 6.00 | policy 1.8048 value 0.4072 | 305.9 min left
[  55.0 min] step   21800 | games  143886 ( 43.6/s) | buffer  3000000 | reuse 6.00 | policy 1.8003 value 0.4054 | 304.9 min left
[  56.0 min] step   22221 | games  146408 ( 43.6/s) | buffer  3000000 | reuse 6.00 | policy 1.7964 value 0.4034 | 303.9 min left
[  57.0 min] step   22641 | games  148985 ( 43.5/s) | buffer  3000000 | reuse 6.00 | policy 1.7931 value 0.4018 | 302.9 min left
[  58.0 min] step   23045 | games  151558 ( 43.5/s) | buffer  3000000 | reuse 6.00 | policy 1.7906 value 0.4000 | 301.9 min left
[  59.0 min] step   23448 | games  154104 ( 43.5/s) | buffer  3000000 | reuse 6.00 | policy 1.7884 value 0.3983 | 300.9 min left
[  60.0 min] step   23865 | games  156685 ( 43.5/s) | buffer  3000000 | reuse 6.00 | policy 1.7863 value 0.3966 | 299.9 min left
[  61.0 min] step   24280 | games  159229 ( 43.5/s) | buffer  3000000 | reuse 6.00 | policy 1.7845 value 0.3949 | 298.9 min left
[  62.0 min] step   24685 | games  161747 ( 43.5/s) | buffer  3000000 | reuse 6.00 | policy 1.7830 value 0.3933 | 297.9 min left
[  63.0 min] step   25112 | games  164347 ( 43.5/s) | buffer  3000000 | reuse 6.00 | policy 1.7815 value 0.3915 | 296.9 min left
[  64.0 min] step   25520 | games  166898 ( 43.4/s) | buffer  3000000 | reuse 6.00 | policy 1.7801 value 0.3898 | 295.9 min left
[  65.0 min] step   25936 | games  169472 ( 43.4/s) | buffer  3000000 | reuse 6.00 | policy 1.7791 value 0.3882 | 294.9 min left
[  66.0 min] step   26343 | games  172049 ( 43.4/s) | buffer  3000000 | reuse 6.00 | policy 1.7782 value 0.3866 | 293.9 min left
[  67.0 min] step   26768 | games  174673 ( 43.4/s) | buffer  3000000 | reuse 6.00 | policy 1.7773 value 0.3849 | 292.9 min left
[  68.0 min] step   27189 | games  177255 ( 43.4/s) | buffer  3000000 | reuse 6.00 | policy 1.7766 value 0.3832 | 291.9 min left
[  69.0 min] step   27603 | games  179898 ( 43.4/s) | buffer  3000000 | reuse 6.00 | policy 1.7760 value 0.3816 | 290.9 min left
[  70.0 min] step   28040 | games  182556 ( 43.4/s) | buffer  3000000 | reuse 6.00 | policy 1.7756 value 0.3799 | 289.9 min left
[  71.0 min] step   28440 | games  185189 ( 43.5/s) | buffer  3000000 | reuse 6.00 | policy 1.7752 value 0.3784 | 288.9 min left
[  72.0 min] step   28853 | games  187849 ( 43.5/s) | buffer  3000000 | reuse 6.00 | policy 1.7747 value 0.3768 | 287.9 min left
[  73.0 min] step   29270 | games  190461 ( 43.5/s) | buffer  3000000 | reuse 6.00 | policy 1.7744 value 0.3753 | 286.9 min left
[  74.0 min] step   29682 | games  193080 ( 43.5/s) | buffer  3000000 | reuse 6.00 | policy 1.7740 value 0.3737 | 285.9 min left
[  75.0 min] step   30098 | games  195732 ( 43.5/s) | buffer  3000000 | reuse 6.00 | policy 1.7738 value 0.3722 | 284.9 min left
[  76.0 min] step   30521 | games  198481 ( 43.5/s) | buffer  3000000 | reuse 6.00 | policy 1.7734 value 0.3706 | 283.9 min left
[  77.0 min] step   30945 | games  201218 ( 43.5/s) | buffer  3000000 | reuse 6.00 | policy 1.7732 value 0.3691 | 282.9 min left
[  78.0 min] step   31364 | games  203971 ( 43.6/s) | buffer  3000000 | reuse 6.00 | policy 1.7729 value 0.3677 | 281.9 min left
[  79.0 min] step   31773 | games  206703 ( 43.6/s) | buffer  3000000 | reuse 6.00 | policy 1.7726 value 0.3663 | 280.9 min left
[  80.0 min] step   32175 | games  209307 ( 43.6/s) | buffer  3000000 | reuse 6.00 | policy 1.7725 value 0.3649 | 279.9 min left
[  81.0 min] step   32577 | games  211941 ( 43.6/s) | buffer  3000000 | reuse 6.00 | policy 1.7721 value 0.3635 | 278.9 min left
[  82.0 min] step   32987 | games  214577 ( 43.6/s) | buffer  3000000 | reuse 6.00 | policy 1.7651 value 0.3075 | 277.9 min left
[  83.0 min] step   33420 | games  217301 ( 43.6/s) | buffer  3000000 | reuse 6.00 | policy 1.7635 value 0.3080 | 276.9 min left
[  84.0 min] step   33849 | games  220053 ( 43.6/s) | buffer  3000000 | reuse 6.00 | policy 1.7650 value 0.3080 | 275.9 min left
[  85.0 min] step   34249 | games  222709 ( 43.7/s) | buffer  3000000 | reuse 6.00 | policy 1.7641 value 0.3054 | 274.9 min left
[  86.0 min] step   34675 | games  225519 ( 43.7/s) | buffer  3000000 | reuse 6.00 | policy 1.7642 value 0.3043 | 273.9 min left
[  87.0 min] step   35071 | games  228207 ( 43.7/s) | buffer  3000000 | reuse 6.00 | policy 1.7637 value 0.3032 | 272.9 min left
[  88.0 min] step   35483 | games  230951 ( 43.7/s) | buffer  3000000 | reuse 6.00 | policy 1.7632 value 0.3027 | 271.9 min left
[  89.0 min] step   35908 | games  233756 ( 43.8/s) | buffer  3000000 | reuse 6.00 | policy 1.7628 value 0.3018 | 270.9 min left
[  90.0 min] step   36310 | games  236406 ( 43.8/s) | buffer  3000000 | reuse 6.00 | policy 1.7630 value 0.2982 | 269.9 min left
[  91.0 min] step   36728 | games  239085 ( 43.8/s) | buffer  3000000 | reuse 6.00 | policy 1.7659 value 0.2959 | 268.9 min left
[  92.0 min] step   37164 | games  241806 ( 43.8/s) | buffer  3000000 | reuse 6.00 | policy 1.7655 value 0.2950 | 267.9 min left
[  93.0 min] step   37582 | games  244543 ( 43.8/s) | buffer  3000000 | reuse 6.00 | policy 1.7651 value 0.2933 | 266.9 min left
[  94.0 min] step   38004 | games  247348 ( 43.8/s) | buffer  3000000 | reuse 6.00 | policy 1.7653 value 0.2926 | 265.9 min left
[  95.0 min] step   38424 | games  250139 ( 43.9/s) | buffer  3000000 | reuse 6.00 | policy 1.7655 value 0.2918 | 264.9 min left
[  96.0 min] step   38845 | games  253006 ( 43.9/s) | buffer  3000000 | reuse 6.00 | policy 1.7657 value 0.2910 | 263.9 min left
[  97.0 min] step   39242 | games  255804 ( 43.9/s) | buffer  3000000 | reuse 6.00 | policy 1.7678 value 0.2827 | 262.9 min left
[  98.0 min] step   39661 | games  258660 ( 44.0/s) | buffer  3000000 | reuse 6.00 | policy 1.7652 value 0.2828 | 261.9 min left
[  99.0 min] step   40067 | games  261411 ( 44.0/s) | buffer  3000000 | reuse 6.00 | policy 1.7660 value 0.2824 | 260.9 min left
[ 100.0 min] step   40476 | games  264181 ( 44.0/s) | buffer  3000000 | reuse 6.00 | policy 1.7664 value 0.2823 | 259.9 min left
[ 101.0 min] step   40876 | games  266887 ( 44.0/s) | buffer  3000000 | reuse 6.00 | policy 1.7659 value 0.2818 | 258.9 min left
[ 102.0 min] step   41290 | games  269614 ( 44.0/s) | buffer  3000000 | reuse 6.00 | policy 1.7663 value 0.2810 | 257.9 min left
[ 103.0 min] step   41699 | games  272397 ( 44.1/s) | buffer  3000000 | reuse 6.00 | policy 1.7701 value 0.2782 | 256.9 min left
[ 104.0 min] step   42119 | games  275162 ( 44.1/s) | buffer  3000000 | reuse 6.00 | policy 1.7676 value 0.2775 | 255.9 min left
[ 105.0 min] step   42533 | games  277977 ( 44.1/s) | buffer  3000000 | reuse 6.00 | policy 1.7676 value 0.2766 | 254.9 min left
[ 106.0 min] step   42955 | games  280812 ( 44.1/s) | buffer  3000000 | reuse 6.00 | policy 1.7677 value 0.2755 | 253.9 min left
[ 107.0 min] step   43383 | games  283643 ( 44.2/s) | buffer  3000000 | reuse 6.00 | policy 1.7675 value 0.2745 | 252.9 min left
[ 108.0 min] step   43803 | games  286463 ( 44.2/s) | buffer  3000000 | reuse 6.00 | policy 1.7701 value 0.2703 | 251.9 min left
[ 109.0 min] step   44231 | games  289388 ( 44.2/s) | buffer  3000000 | reuse 6.00 | policy 1.7710 value 0.2692 | 250.9 min left
[ 110.0 min] step   44662 | games  292256 ( 44.3/s) | buffer  3000000 | reuse 6.00 | policy 1.7716 value 0.2679 | 249.9 min left
[ 111.0 min] step   45083 | games  295097 ( 44.3/s) | buffer  3000000 | reuse 6.00 | policy 1.7702 value 0.2662 | 248.9 min left
[ 112.0 min] step   45496 | games  297962 ( 44.3/s) | buffer  3000000 | reuse 6.00 | policy 1.7704 value 0.2659 | 247.9 min left
[ 113.0 min] step   45927 | games  300920 ( 44.4/s) | buffer  3000000 | reuse 6.00 | policy 1.7707 value 0.2657 | 246.9 min left
[ 114.0 min] step   46333 | games  303829 ( 44.4/s) | buffer  3000000 | reuse 6.00 | policy 1.7708 value 0.2649 | 245.9 min left
[ 115.0 min] step   46744 | games  306730 ( 44.4/s) | buffer  3000000 | reuse 6.00 | policy 1.7713 value 0.2643 | 244.9 min left
[ 116.0 min] step   47152 | games  309639 ( 44.5/s) | buffer  3000000 | reuse 6.00 | policy 1.7712 value 0.2637 | 243.9 min left
[ 117.0 min] step   47568 | games  312555 ( 44.5/s) | buffer  3000000 | reuse 6.00 | policy 1.7710 value 0.2631 | 242.9 min left
[ 118.0 min] step   47984 | games  315527 ( 44.5/s) | buffer  3000000 | reuse 6.00 | policy 1.7714 value 0.2623 | 241.9 min left
[ 119.0 min] step   48402 | games  318566 ( 44.6/s) | buffer  3000000 | reuse 6.00 | policy 1.7712 value 0.2618 | 240.9 min left
[ 120.0 min] step   48814 | games  321512 ( 44.6/s) | buffer  3000000 | reuse 6.00 | policy 1.7712 value 0.2613 | 239.9 min left
[ 121.0 min] step   49226 | games  324422 ( 44.7/s) | buffer  3000000 | reuse 6.00 | policy 1.7716 value 0.2609 | 238.9 min left
[ 122.0 min] step   49621 | games  327269 ( 44.7/s) | buffer  3000000 | reuse 6.00 | policy 1.7717 value 0.2606 | 237.9 min left
[ 123.0 min] step   50075 | games  330254 ( 44.7/s) | buffer  3000000 | reuse 6.00 | policy 1.7715 value 0.2602 | 236.9 min left
[ 124.0 min] step   50472 | games  333104 ( 44.8/s) | buffer  3000000 | reuse 6.00 | policy 1.7715 value 0.2599 | 235.9 min left
[ 125.0 min] step   50900 | games  336057 ( 44.8/s) | buffer  3000000 | reuse 6.00 | policy 1.7716 value 0.2595 | 234.9 min left
[ 126.0 min] step   51315 | games  338964 ( 44.8/s) | buffer  3000000 | reuse 6.00 | policy 1.7714 value 0.2591 | 233.8 min left
[ 127.0 min] step   51727 | games  341862 ( 44.8/s) | buffer  3000000 | reuse 6.00 | policy 1.7715 value 0.2588 | 232.8 min left
[ 128.1 min] step   52149 | games  344864 ( 44.9/s) | buffer  3000000 | reuse 6.00 | policy 1.7717 value 0.2585 | 231.8 min left
[ 129.1 min] step   52576 | games  347869 ( 44.9/s) | buffer  3000000 | reuse 6.00 | policy 1.7717 value 0.2581 | 230.8 min left
[ 130.1 min] step   52995 | games  350907 ( 45.0/s) | buffer  3000000 | reuse 6.00 | policy 1.7719 value 0.2576 | 229.8 min left
[ 131.1 min] step   53388 | games  353808 ( 45.0/s) | buffer  3000000 | reuse 6.00 | policy 1.7721 value 0.2573 | 228.8 min left
[ 132.1 min] step   53797 | games  356665 ( 45.0/s) | buffer  3000000 | reuse 6.00 | policy 1.7721 value 0.2568 | 227.8 min left
[ 133.1 min] step   54214 | games  359584 ( 45.0/s) | buffer  3000000 | reuse 6.00 | policy 1.7720 value 0.2564 | 226.8 min left
[ 134.1 min] step   54634 | games  362521 ( 45.1/s) | buffer  3000000 | reuse 6.00 | policy 1.7721 value 0.2560 | 225.8 min left
[ 135.1 min] step   55052 | games  365462 ( 45.1/s) | buffer  3000000 | reuse 6.00 | policy 1.7759 value 0.2469 | 224.8 min left
[ 136.1 min] step   55487 | games  368427 ( 45.1/s) | buffer  3000000 | reuse 6.00 | policy 1.7753 value 0.2460 | 223.8 min left
[ 137.1 min] step   55906 | games  371454 ( 45.2/s) | buffer  3000000 | reuse 6.00 | policy 1.7736 value 0.2443 | 222.8 min left
[ 138.1 min] step   56319 | games  374468 ( 45.2/s) | buffer  3000000 | reuse 6.00 | policy 1.7745 value 0.2441 | 221.8 min left
[ 139.1 min] step   56741 | games  377428 ( 45.2/s) | buffer  3000000 | reuse 6.00 | policy 1.7744 value 0.2436 | 220.8 min left
[ 140.1 min] step   57165 | games  380501 ( 45.3/s) | buffer  3000000 | reuse 6.00 | policy 1.7739 value 0.2435 | 219.8 min left
[ 141.1 min] step   57576 | games  383545 ( 45.3/s) | buffer  3000000 | reuse 6.00 | policy 1.7728 value 0.2431 | 218.8 min left
[ 142.1 min] step   58008 | games  386678 ( 45.4/s) | buffer  3000000 | reuse 6.00 | policy 1.7734 value 0.2427 | 217.8 min left
[ 143.1 min] step   58438 | games  389889 ( 45.4/s) | buffer  3000000 | reuse 6.00 | policy 1.7739 value 0.2425 | 216.8 min left
[ 144.1 min] step   58855 | games  393071 ( 45.5/s) | buffer  3000000 | reuse 6.00 | policy 1.7738 value 0.2420 | 215.8 min left
[ 145.1 min] step   59264 | games  396091 ( 45.5/s) | buffer  3000000 | reuse 6.00 | policy 1.7743 value 0.2416 | 214.8 min left
[ 146.1 min] step   59675 | games  399213 ( 45.6/s) | buffer  3000000 | reuse 6.00 | policy 1.7745 value 0.2409 | 213.8 min left
[ 147.1 min] step   60075 | games  402233 ( 45.6/s) | buffer  3000000 | reuse 6.00 | policy 1.7743 value 0.2404 | 212.8 min left
[ 148.1 min] step   60489 | games  405243 ( 45.6/s) | buffer  3000000 | reuse 6.00 | policy 1.7743 value 0.2399 | 211.8 min left
[ 149.1 min] step   60925 | games  408393 ( 45.7/s) | buffer  3000000 | reuse 6.00 | policy 1.7743 value 0.2393 | 210.8 min left
[ 150.1 min] step   61335 | games  411437 ( 45.7/s) | buffer  3000000 | reuse 6.00 | policy 1.7741 value 0.2387 | 209.8 min left
[ 151.1 min] step   61741 | games  414535 ( 45.7/s) | buffer  3000000 | reuse 6.00 | policy 1.7733 value 0.2324 | 208.8 min left
[ 152.1 min] step   62173 | games  417689 ( 45.8/s) | buffer  3000000 | reuse 6.00 | policy 1.7719 value 0.2289 | 207.8 min left
[ 153.1 min] step   62580 | games  420876 ( 45.8/s) | buffer  3000000 | reuse 6.00 | policy 1.7723 value 0.2290 | 206.8 min left
[ 154.1 min] step   62980 | games  423975 ( 45.9/s) | buffer  3000000 | reuse 6.00 | policy 1.7726 value 0.2286 | 205.8 min left
[ 155.1 min] step   63412 | games  427122 ( 45.9/s) | buffer  3000000 | reuse 6.00 | policy 1.7726 value 0.2284 | 204.8 min left
[ 156.1 min] step   63822 | games  430267 ( 46.0/s) | buffer  3000000 | reuse 6.00 | policy 1.7726 value 0.2280 | 203.8 min left
[ 157.1 min] step   64249 | games  433417 ( 46.0/s) | buffer  3000000 | reuse 6.00 | policy 1.7734 value 0.2275 | 202.8 min left
[ 158.1 min] step   64667 | games  436581 ( 46.0/s) | buffer  3000000 | reuse 6.00 | policy 1.7741 value 0.2268 | 201.8 min left
[ 159.1 min] step   65105 | games  439812 ( 46.1/s) | buffer  3000000 | reuse 6.00 | policy 1.7749 value 0.2264 | 200.8 min left
[ 160.1 min] step   65522 | games  443023 ( 46.1/s) | buffer  3000000 | reuse 6.00 | policy 1.7754 value 0.2260 | 199.8 min left
[ 161.1 min] step   65935 | games  446190 ( 46.2/s) | buffer  3000000 | reuse 6.00 | policy 1.7760 value 0.2257 | 198.8 min left
[ 162.1 min] step   66355 | games  449447 ( 46.2/s) | buffer  3000000 | reuse 6.00 | policy 1.7764 value 0.2252 | 197.8 min left
[ 163.1 min] step   66757 | games  452656 ( 46.3/s) | buffer  3000000 | reuse 6.00 | policy 1.7765 value 0.2249 | 196.8 min left
[ 164.1 min] step   67179 | games  455824 ( 46.3/s) | buffer  3000000 | reuse 6.00 | policy 1.7766 value 0.2244 | 195.8 min left
[ 165.1 min] step   67613 | games  459191 ( 46.4/s) | buffer  3000000 | reuse 6.00 | policy 1.7769 value 0.2238 | 194.8 min left
[ 166.1 min] step   68023 | games  462443 ( 46.4/s) | buffer  3000000 | reuse 6.00 | policy 1.7774 value 0.2234 | 193.8 min left
[ 167.1 min] step   68439 | games  465730 ( 46.5/s) | buffer  3000000 | reuse 6.00 | policy 1.7776 value 0.2228 | 192.8 min left
[ 168.1 min] step   68860 | games  469043 ( 46.5/s) | buffer  3000000 | reuse 6.00 | policy 1.7778 value 0.2224 | 191.8 min left
[ 169.1 min] step   69273 | games  472296 ( 46.6/s) | buffer  3000000 | reuse 6.00 | policy 1.7781 value 0.2219 | 190.8 min left
[ 170.1 min] step   69681 | games  475513 ( 46.6/s) | buffer  3000000 | reuse 6.00 | policy 1.7783 value 0.2214 | 189.8 min left
[ 171.1 min] step   70112 | games  478866 ( 46.7/s) | buffer  3000000 | reuse 6.00 | policy 1.7786 value 0.2209 | 188.8 min left
[ 172.1 min] step   70520 | games  482116 ( 46.7/s) | buffer  3000000 | reuse 6.00 | policy 1.7790 value 0.2204 | 187.8 min left
[ 173.1 min] step   70937 | games  485305 ( 46.7/s) | buffer  3000000 | reuse 6.00 | policy 1.7792 value 0.2199 | 186.8 min left
[ 174.1 min] step   71350 | games  488455 ( 46.8/s) | buffer  3000000 | reuse 6.00 | policy 1.7795 value 0.2195 | 185.8 min left
[ 175.1 min] step   71764 | games  491684 ( 46.8/s) | buffer  3000000 | reuse 6.00 | policy 1.7795 value 0.2190 | 184.8 min left
[ 176.1 min] step   72194 | games  495087 ( 46.9/s) | buffer  3000000 | reuse 6.00 | policy 1.7797 value 0.2186 | 183.8 min left
[ 177.1 min] step   72603 | games  498465 ( 46.9/s) | buffer  3000000 | reuse 6.00 | policy 1.7800 value 0.2181 | 182.8 min left
[ 178.1 min] step   73037 | games  501820 ( 47.0/s) | buffer  3000000 | reuse 6.00 | policy 1.7803 value 0.2176 | 181.8 min left
[ 179.1 min] step   73449 | games  505204 ( 47.0/s) | buffer  3000000 | reuse 6.00 | policy 1.7805 value 0.2171 | 180.8 min left
[ 180.1 min] step   73885 | games  508742 ( 47.1/s) | buffer  3000000 | reuse 6.00 | policy 1.7809 value 0.2166 | 179.8 min left
[ 181.1 min] step   74300 | games  512114 ( 47.1/s) | buffer  3000000 | reuse 6.00 | policy 1.7933 value 0.2021 | 178.8 min left
[ 182.1 min] step   74706 | games  515468 ( 47.2/s) | buffer  3000000 | reuse 6.00 | policy 1.7922 value 0.2005 | 177.8 min left
[ 183.1 min] step   75113 | games  518774 ( 47.2/s) | buffer  3000000 | reuse 6.00 | policy 1.7934 value 0.2007 | 176.8 min left
[ 184.1 min] step   75547 | games  522122 ( 47.3/s) | buffer  3000000 | reuse 6.00 | policy 1.7948 value 0.1999 | 175.8 min left
[ 185.1 min] step   75950 | games  525418 ( 47.3/s) | buffer  3000000 | reuse 6.00 | policy 1.7945 value 0.1999 | 174.8 min left
[ 186.1 min] step   76379 | games  528863 ( 47.4/s) | buffer  3000000 | reuse 6.00 | policy 1.7943 value 0.1994 | 173.8 min left
[ 187.1 min] step   76782 | games  532204 ( 47.4/s) | buffer  3000000 | reuse 6.00 | policy 1.7941 value 0.1995 | 172.8 min left
[ 188.1 min] step   77202 | games  535635 ( 47.5/s) | buffer  3000000 | reuse 6.00 | policy 1.7947 value 0.1991 | 171.8 min left
[ 189.1 min] step   77629 | games  539041 ( 47.5/s) | buffer  3000000 | reuse 6.00 | policy 1.7950 value 0.1989 | 170.8 min left
[ 190.1 min] step   78040 | games  542426 ( 47.6/s) | buffer  3000000 | reuse 6.00 | policy 1.7956 value 0.1987 | 169.8 min left
[ 191.1 min] step   78463 | games  545838 ( 47.6/s) | buffer  3000000 | reuse 6.00 | policy 1.8023 value 0.1958 | 168.8 min left
[ 192.1 min] step   78896 | games  549392 ( 47.7/s) | buffer  3000000 | reuse 6.00 | policy 1.8021 value 0.1947 | 167.8 min left
[ 193.1 min] step   79319 | games  552968 ( 47.7/s) | buffer  3000000 | reuse 6.00 | policy 1.8030 value 0.1954 | 166.8 min left
[ 194.1 min] step   79740 | games  556488 ( 47.8/s) | buffer  3000000 | reuse 6.00 | policy 1.8033 value 0.1949 | 165.8 min left
[ 195.1 min] step   80167 | games  560086 ( 47.9/s) | buffer  3000000 | reuse 6.00 | policy 1.8038 value 0.1942 | 164.8 min left
[ 196.1 min] step   80601 | games  563692 ( 47.9/s) | buffer  3000000 | reuse 6.00 | policy 1.8035 value 0.1934 | 163.8 min left
[ 197.1 min] step   81021 | games  567272 ( 48.0/s) | buffer  3000000 | reuse 6.00 | policy 1.8034 value 0.1927 | 162.8 min left
[ 198.1 min] step   81433 | games  570859 ( 48.0/s) | buffer  3000000 | reuse 6.00 | policy 1.8034 value 0.1921 | 161.8 min left
[ 199.1 min] step   81847 | games  574444 ( 48.1/s) | buffer  3000000 | reuse 6.00 | policy 1.8035 value 0.1913 | 160.8 min left
[ 200.1 min] step   82269 | games  578023 ( 48.2/s) | buffer  3000000 | reuse 6.00 | policy 1.8034 value 0.1873 | 159.8 min left
[ 201.1 min] step   82676 | games  581616 ( 48.2/s) | buffer  3000000 | reuse 6.00 | policy 1.8029 value 0.1860 | 158.8 min left
[ 202.1 min] step   83098 | games  585240 ( 48.3/s) | buffer  3000000 | reuse 6.00 | policy 1.8023 value 0.1853 | 157.8 min left
[ 203.1 min] step   83518 | games  588896 ( 48.3/s) | buffer  3000000 | reuse 6.00 | policy 1.8024 value 0.1849 | 156.8 min left
[ 204.1 min] step   83920 | games  592565 ( 48.4/s) | buffer  3000000 | reuse 6.00 | policy 1.8026 value 0.1843 | 155.8 min left
[ 205.1 min] step   84336 | games  596219 ( 48.5/s) | buffer  3000000 | reuse 6.00 | policy 1.8027 value 0.1840 | 154.8 min left
[ 206.1 min] step   84747 | games  599846 ( 48.5/s) | buffer  3000000 | reuse 6.00 | policy 1.8029 value 0.1819 | 153.8 min left
[ 207.1 min] step   85177 | games  603551 ( 48.6/s) | buffer  3000000 | reuse 6.00 | policy 1.8061 value 0.1798 | 152.8 min left
[ 208.1 min] step   85597 | games  607190 ( 48.6/s) | buffer  3000000 | reuse 6.00 | policy 1.8053 value 0.1808 | 151.8 min left
[ 209.1 min] step   86009 | games  610841 ( 48.7/s) | buffer  3000000 | reuse 6.00 | policy 1.8059 value 0.1807 | 150.8 min left
[ 210.1 min] step   86417 | games  614481 ( 48.8/s) | buffer  3000000 | reuse 6.00 | policy 1.8067 value 0.1803 | 149.8 min left
[ 211.1 min] step   86848 | games  618263 ( 48.8/s) | buffer  3000000 | reuse 6.00 | policy 1.8073 value 0.1796 | 148.8 min left
[ 212.1 min] step   87271 | games  621984 ( 48.9/s) | buffer  3000000 | reuse 6.00 | policy 1.8080 value 0.1793 | 147.8 min left
[ 213.1 min] step   87677 | games  625640 ( 48.9/s) | buffer  3000000 | reuse 6.00 | policy 1.8085 value 0.1792 | 146.8 min left
[ 214.1 min] step   88079 | games  629301 ( 49.0/s) | buffer  3000000 | reuse 6.00 | policy 1.8087 value 0.1791 | 145.8 min left
[ 215.1 min] step   88507 | games  633051 ( 49.1/s) | buffer  3000000 | reuse 6.00 | policy 1.8090 value 0.1790 | 144.8 min left
[ 216.1 min] step   88921 | games  636685 ( 49.1/s) | buffer  3000000 | reuse 6.00 | policy 1.8095 value 0.1788 | 143.8 min left
[ 217.1 min] step   89347 | games  640411 ( 49.2/s) | buffer  3000000 | reuse 6.00 | policy 1.8100 value 0.1785 | 142.8 min left
[ 218.1 min] step   89740 | games  643964 ( 49.2/s) | buffer  3000000 | reuse 6.00 | policy 1.8108 value 0.1782 | 141.8 min left
[ 219.1 min] step   90162 | games  647711 ( 49.3/s) | buffer  3000000 | reuse 6.00 | policy 1.8113 value 0.1779 | 140.8 min left
[ 220.1 min] step   90572 | games  651478 ( 49.3/s) | buffer  3000000 | reuse 6.00 | policy 1.8117 value 0.1777 | 139.8 min left
[ 221.1 min] step   90986 | games  655222 ( 49.4/s) | buffer  3000000 | reuse 6.00 | policy 1.8122 value 0.1775 | 138.8 min left
[ 222.1 min] step   91393 | games  658943 ( 49.5/s) | buffer  3000000 | reuse 6.00 | policy 1.8129 value 0.1771 | 137.8 min left
[ 223.1 min] step   91808 | games  662653 ( 49.5/s) | buffer  3000000 | reuse 6.00 | policy 1.8133 value 0.1767 | 136.8 min left
[ 224.1 min] step   92228 | games  666364 ( 49.6/s) | buffer  3000000 | reuse 6.00 | policy 1.8136 value 0.1762 | 135.8 min left
[ 225.1 min] step   92641 | games  670128 ( 49.6/s) | buffer  3000000 | reuse 6.00 | policy 1.8140 value 0.1759 | 134.8 min left
[ 226.1 min] step   93069 | games  673895 ( 49.7/s) | buffer  3000000 | reuse 6.00 | policy 1.8144 value 0.1755 | 133.8 min left
[ 227.1 min] step   93496 | games  677738 ( 49.7/s) | buffer  3000000 | reuse 6.00 | policy 1.8150 value 0.1752 | 132.8 min left
[ 228.1 min] step   93921 | games  681622 ( 49.8/s) | buffer  3000000 | reuse 6.00 | policy 1.8157 value 0.1749 | 131.8 min left
[ 229.1 min] step   94345 | games  685515 ( 49.9/s) | buffer  3000000 | reuse 6.00 | policy 1.8162 value 0.1745 | 130.8 min left
[ 230.1 min] step   94774 | games  689410 ( 49.9/s) | buffer  3000000 | reuse 6.00 | policy 1.8169 value 0.1741 | 129.8 min left
[ 231.1 min] step   95191 | games  693231 ( 50.0/s) | buffer  3000000 | reuse 6.00 | policy 1.8175 value 0.1736 | 128.8 min left
[ 232.1 min] step   95613 | games  697173 ( 50.1/s) | buffer  3000000 | reuse 6.00 | policy 1.8181 value 0.1731 | 127.8 min left
[ 233.1 min] step   96028 | games  700983 ( 50.1/s) | buffer  3000000 | reuse 6.00 | policy 1.8364 value 0.1590 | 126.8 min left
[ 234.1 min] step   96451 | games  704964 ( 50.2/s) | buffer  3000000 | reuse 6.00 | policy 1.8377 value 0.1594 | 125.8 min left
[ 235.1 min] step   96859 | games  708809 ( 50.3/s) | buffer  3000000 | reuse 6.00 | policy 1.8372 value 0.1594 | 124.8 min left
[ 236.1 min] step   97276 | games  712668 ( 50.3/s) | buffer  3000000 | reuse 6.00 | policy 1.8378 value 0.1591 | 123.8 min left
[ 237.1 min] step   97687 | games  716575 ( 50.4/s) | buffer  3000000 | reuse 6.00 | policy 1.8377 value 0.1587 | 122.8 min left
[ 238.1 min] step   98117 | games  720538 ( 50.4/s) | buffer  3000000 | reuse 6.00 | policy 1.8377 value 0.1578 | 121.8 min left
[ 239.1 min] step   98527 | games  724458 ( 50.5/s) | buffer  3000000 | reuse 6.00 | policy 1.8378 value 0.1571 | 120.8 min left
[ 240.1 min] step   98938 | games  728414 ( 50.6/s) | buffer  3000000 | reuse 6.00 | policy 1.8380 value 0.1567 | 119.8 min left
[ 241.1 min] step   99364 | games  732461 ( 50.6/s) | buffer  3000000 | reuse 6.00 | policy 1.8386 value 0.1562 | 118.8 min left
[ 242.1 min] step   99781 | games  736384 ( 50.7/s) | buffer  3000000 | reuse 6.00 | policy 1.8392 value 0.1558 | 117.8 min left
[ 243.1 min] step  100209 | games  740405 ( 50.8/s) | buffer  3000000 | reuse 6.00 | policy 1.8401 value 0.1555 | 116.8 min left
[ 244.1 min] step  100619 | games  744367 ( 50.8/s) | buffer  3000000 | reuse 6.00 | policy 1.8407 value 0.1550 | 115.8 min left
[ 245.1 min] step  101033 | games  748328 ( 50.9/s) | buffer  3000000 | reuse 6.00 | policy 1.8416 value 0.1546 | 114.8 min left
[ 246.1 min] step  101460 | games  752405 ( 51.0/s) | buffer  3000000 | reuse 6.00 | policy 1.8425 value 0.1544 | 113.8 min left
[ 247.1 min] step  101892 | games  756434 ( 51.0/s) | buffer  3000000 | reuse 6.00 | policy 1.8434 value 0.1540 | 112.8 min left
[ 248.1 min] step  102318 | games  760595 ( 51.1/s) | buffer  3000000 | reuse 6.00 | policy 1.8444 value 0.1537 | 111.8 min left
[ 249.1 min] step  102734 | games  764599 ( 51.2/s) | buffer  3000000 | reuse 6.00 | policy 1.8456 value 0.1532 | 110.8 min left
[ 250.1 min] step  103154 | games  768739 ( 51.2/s) | buffer  3000000 | reuse 6.00 | policy 1.8467 value 0.1528 | 109.8 min left
[ 251.1 min] step  103562 | games  772787 ( 51.3/s) | buffer  3000000 | reuse 6.00 | policy 1.8475 value 0.1524 | 108.8 min left
[ 252.1 min] step  103977 | games  776838 ( 51.4/s) | buffer  3000000 | reuse 6.00 | policy 1.8484 value 0.1521 | 107.8 min left
[ 253.1 min] step  104397 | games  780909 ( 51.4/s) | buffer  3000000 | reuse 6.00 | policy 1.8493 value 0.1517 | 106.8 min left
[ 254.1 min] step  104813 | games  785025 ( 51.5/s) | buffer  3000000 | reuse 6.00 | policy 1.8502 value 0.1512 | 105.8 min left
[ 255.1 min] step  105221 | games  789119 ( 51.6/s) | buffer  3000000 | reuse 6.00 | policy 1.8649 value 0.1427 | 104.8 min left
[ 256.1 min] step  105637 | games  793211 ( 51.6/s) | buffer  3000000 | reuse 6.00 | policy 1.8685 value 0.1416 | 103.8 min left
[ 257.1 min] step  106051 | games  797312 ( 51.7/s) | buffer  3000000 | reuse 6.00 | policy 1.8685 value 0.1412 | 102.8 min left
[ 258.1 min] step  106468 | games  801430 ( 51.8/s) | buffer  3000000 | reuse 6.00 | policy 1.8752 value 0.1380 | 101.8 min left
[ 259.1 min] step  106886 | games  805534 ( 51.8/s) | buffer  3000000 | reuse 6.00 | policy 1.8753 value 0.1381 | 100.8 min left
[ 260.1 min] step  107313 | games  809642 ( 51.9/s) | buffer  3000000 | reuse 6.00 | policy 1.8753 value 0.1383 |  99.8 min left
[ 261.1 min] step  107725 | games  813834 ( 51.9/s) | buffer  3000000 | reuse 6.00 | policy 1.8761 value 0.1381 |  98.8 min left
[ 262.1 min] step  108129 | games  817865 ( 52.0/s) | buffer  3000000 | reuse 6.00 | policy 1.8772 value 0.1380 |  97.8 min left
[ 263.1 min] step  108553 | games  821958 ( 52.1/s) | buffer  3000000 | reuse 6.00 | policy 1.8778 value 0.1376 |  96.8 min left
[ 264.1 min] step  108987 | games  826095 ( 52.1/s) | buffer  3000000 | reuse 6.00 | policy 1.8786 value 0.1375 |  95.8 min left
[ 265.1 min] step  109402 | games  830153 ( 52.2/s) | buffer  3000000 | reuse 6.00 | policy 1.8791 value 0.1373 |  94.8 min left
[ 266.1 min] step  109817 | games  834261 ( 52.3/s) | buffer  3000000 | reuse 6.00 | policy 1.8796 value 0.1371 |  93.8 min left
[ 267.1 min] step  110236 | games  838478 ( 52.3/s) | buffer  3000000 | reuse 6.00 | policy 1.8799 value 0.1370 |  92.8 min left
[ 268.1 min] step  110655 | games  842644 ( 52.4/s) | buffer  3000000 | reuse 6.00 | policy 1.8806 value 0.1367 |  91.8 min left
[ 269.1 min] step  111062 | games  846790 ( 52.4/s) | buffer  3000000 | reuse 6.00 | policy 1.8813 value 0.1366 |  90.8 min left
[ 270.1 min] step  111494 | games  850973 ( 52.5/s) | buffer  3000000 | reuse 6.00 | policy 1.8813 value 0.1363 |  89.8 min left
[ 271.1 min] step  111902 | games  855163 ( 52.6/s) | buffer  3000000 | reuse 6.00 | policy 1.8816 value 0.1360 |  88.8 min left
[ 272.1 min] step  112340 | games  859359 ( 52.6/s) | buffer  3000000 | reuse 6.00 | policy 1.8822 value 0.1358 |  87.8 min left
[ 273.1 min] step  112764 | games  863600 ( 52.7/s) | buffer  3000000 | reuse 6.00 | policy 1.8824 value 0.1355 |  86.8 min left
[ 274.1 min] step  113177 | games  867771 ( 52.8/s) | buffer  3000000 | reuse 6.00 | policy 1.8827 value 0.1353 |  85.8 min left
[ 275.1 min] step  113603 | games  872009 ( 52.8/s) | buffer  3000000 | reuse 6.00 | policy 1.8831 value 0.1351 |  84.8 min left
[ 276.1 min] step  114016 | games  876247 ( 52.9/s) | buffer  3000000 | reuse 6.00 | policy 1.8840 value 0.1348 |  83.8 min left
[ 277.1 min] step  114429 | games  880469 ( 53.0/s) | buffer  3000000 | reuse 6.00 | policy 1.8846 value 0.1346 |  82.8 min left
[ 278.1 min] step  114852 | games  884769 ( 53.0/s) | buffer  3000000 | reuse 6.00 | policy 1.8854 value 0.1343 |  81.8 min left
[ 279.1 min] step  115264 | games  889037 ( 53.1/s) | buffer  3000000 | reuse 6.00 | policy 1.8859 value 0.1341 |  80.8 min left
[ 280.1 min] step  115681 | games  893339 ( 53.2/s) | buffer  3000000 | reuse 6.00 | policy 1.8864 value 0.1338 |  79.8 min left
[ 281.1 min] step  116102 | games  897733 ( 53.2/s) | buffer  3000000 | reuse 6.00 | policy 1.8869 value 0.1336 |  78.8 min left
[ 282.1 min] step  116511 | games  902005 ( 53.3/s) | buffer  3000000 | reuse 6.00 | policy 1.8874 value 0.1334 |  77.8 min left
[ 283.1 min] step  116929 | games  906327 ( 53.4/s) | buffer  3000000 | reuse 6.00 | policy 1.8879 value 0.1330 |  76.8 min left
[ 284.1 min] step  117353 | games  910713 ( 53.4/s) | buffer  3000000 | reuse 6.00 | policy 1.8884 value 0.1328 |  75.8 min left
[ 285.1 min] step  117768 | games  915013 ( 53.5/s) | buffer  3000000 | reuse 6.00 | policy 1.8887 value 0.1325 |  74.8 min left
[ 286.1 min] step  118189 | games  919364 ( 53.6/s) | buffer  3000000 | reuse 6.00 | policy 1.9051 value 0.1260 |  73.8 min left
[ 287.1 min] step  118603 | games  923706 ( 53.6/s) | buffer  3000000 | reuse 6.00 | policy 1.9073 value 0.1244 |  72.8 min left
[ 288.1 min] step  119016 | games  927968 ( 53.7/s) | buffer  3000000 | reuse 6.00 | policy 1.9064 value 0.1242 |  71.8 min left
[ 289.1 min] step  119445 | games  932287 ( 53.7/s) | buffer  3000000 | reuse 6.00 | policy 1.9072 value 0.1241 |  70.8 min left
[ 290.1 min] step  119875 | games  936736 ( 53.8/s) | buffer  3000000 | reuse 6.00 | policy 1.9070 value 0.1239 |  69.8 min left
[ 291.1 min] step  120294 | games  941194 ( 53.9/s) | buffer  3000000 | reuse 6.00 | policy 1.9071 value 0.1239 |  68.8 min left
[ 292.1 min] step  120719 | games  945747 ( 54.0/s) | buffer  3000000 | reuse 6.00 | policy 1.9071 value 0.1239 |  67.8 min left
[ 293.1 min] step  121128 | games  950201 ( 54.0/s) | buffer  3000000 | reuse 6.00 | policy 1.9080 value 0.1237 |  66.8 min left
[ 294.1 min] step  121548 | games  954642 ( 54.1/s) | buffer  3000000 | reuse 6.00 | policy 1.9082 value 0.1236 |  65.8 min left
[ 295.1 min] step  121962 | games  958986 ( 54.2/s) | buffer  3000000 | reuse 6.00 | policy 1.9092 value 0.1233 |  64.8 min left
[ 296.1 min] step  122394 | games  963541 ( 54.2/s) | buffer  3000000 | reuse 6.00 | policy 1.9097 value 0.1231 |  63.8 min left
[ 297.1 min] step  122808 | games  967966 ( 54.3/s) | buffer  3000000 | reuse 6.00 | policy 1.9103 value 0.1230 |  62.8 min left
[ 298.1 min] step  123216 | games  972353 ( 54.4/s) | buffer  3000000 | reuse 6.00 | policy 1.9109 value 0.1229 |  61.8 min left
[ 299.1 min] step  123635 | games  976815 ( 54.4/s) | buffer  3000000 | reuse 6.00 | policy 1.9117 value 0.1227 |  60.8 min left
[ 300.1 min] step  124048 | games  981284 ( 54.5/s) | buffer  3000000 | reuse 6.00 | policy 1.9124 value 0.1226 |  59.8 min left
[ 301.1 min] step  124466 | games  985812 ( 54.6/s) | buffer  3000000 | reuse 6.00 | policy 1.9132 value 0.1225 |  58.8 min left
[ 302.1 min] step  124871 | games  990249 ( 54.6/s) | buffer  3000000 | reuse 6.00 | policy 1.9138 value 0.1224 |  57.8 min left
[ 303.1 min] step  125298 | games  994804 ( 54.7/s) | buffer  3000000 | reuse 6.00 | policy 1.9144 value 0.1222 |  56.8 min left
[ 304.1 min] step  125715 | games  999240 ( 54.8/s) | buffer  3000000 | reuse 6.00 | policy 1.9148 value 0.1221 |  55.8 min left
[ 305.1 min] step  126140 | games 1003700 ( 54.8/s) | buffer  3000000 | reuse 6.00 | policy 1.9287 value 0.1183 |  54.8 min left
[ 306.1 min] step  126557 | games 1008164 ( 54.9/s) | buffer  3000000 | reuse 6.00 | policy 1.9275 value 0.1174 |  53.8 min left
[ 307.1 min] step  126986 | games 1012604 ( 55.0/s) | buffer  3000000 | reuse 6.00 | policy 1.9282 value 0.1171 |  52.8 min left
[ 308.1 min] step  127392 | games 1017089 ( 55.0/s) | buffer  3000000 | reuse 6.00 | policy 1.9279 value 0.1173 |  51.8 min left
[ 309.1 min] step  127815 | games 1021492 ( 55.1/s) | buffer  3000000 | reuse 6.00 | policy 1.9279 value 0.1172 |  50.8 min left
[ 310.1 min] step  128245 | games 1026061 ( 55.1/s) | buffer  3000000 | reuse 6.00 | policy 1.9280 value 0.1169 |  49.8 min left
[ 311.1 min] step  128649 | games 1030557 ( 55.2/s) | buffer  3000000 | reuse 6.00 | policy 1.9287 value 0.1166 |  48.8 min left
[ 312.1 min] step  129069 | games 1035152 ( 55.3/s) | buffer  3000000 | reuse 6.00 | policy 1.9292 value 0.1163 |  47.8 min left
[ 313.1 min] step  129481 | games 1039661 ( 55.3/s) | buffer  3000000 | reuse 6.00 | policy 1.9298 value 0.1161 |  46.8 min left
[ 314.1 min] step  129890 | games 1044159 ( 55.4/s) | buffer  3000000 | reuse 6.00 | policy 1.9301 value 0.1159 |  45.8 min left
[ 315.1 min] step  130317 | games 1048729 ( 55.5/s) | buffer  3000000 | reuse 6.00 | policy 1.9304 value 0.1157 |  44.8 min left
[ 316.1 min] step  130742 | games 1053293 ( 55.5/s) | buffer  3000000 | reuse 6.00 | policy 1.9310 value 0.1154 |  43.8 min left
[ 317.1 min] step  131147 | games 1057789 ( 55.6/s) | buffer  3000000 | reuse 6.00 | policy 1.9314 value 0.1151 |  42.8 min left
[ 318.1 min] step  131566 | games 1062345 ( 55.7/s) | buffer  3000000 | reuse 6.00 | policy 1.9318 value 0.1149 |  41.8 min left
[ 319.1 min] step  131982 | games 1066866 ( 55.7/s) | buffer  3000000 | reuse 6.00 | policy 1.9322 value 0.1147 |  40.8 min left
[ 320.1 min] step  132399 | games 1071397 ( 55.8/s) | buffer  3000000 | reuse 6.00 | policy 1.9329 value 0.1145 |  39.8 min left
[ 321.1 min] step  132823 | games 1075909 ( 55.8/s) | buffer  3000000 | reuse 6.00 | policy 1.9462 value 0.1112 |  38.8 min left
[ 322.1 min] step  133260 | games 1080488 ( 55.9/s) | buffer  3000000 | reuse 6.00 | policy 1.9454 value 0.1111 |  37.8 min left
[ 323.1 min] step  133673 | games 1085070 ( 56.0/s) | buffer  3000000 | reuse 6.00 | policy 1.9438 value 0.1112 |  36.8 min left
[ 324.1 min] step  134081 | games 1089611 ( 56.0/s) | buffer  3000000 | reuse 6.00 | policy 1.9448 value 0.1110 |  35.8 min left
[ 325.1 min] step  134488 | games 1094159 ( 56.1/s) | buffer  3000000 | reuse 6.00 | policy 1.9456 value 0.1094 |  34.8 min left
[ 326.1 min] step  134906 | games 1098717 ( 56.1/s) | buffer  3000000 | reuse 6.00 | policy 1.9447 value 0.1110 |  33.8 min left
[ 327.1 min] step  135327 | games 1103361 ( 56.2/s) | buffer  3000000 | reuse 6.00 | policy 1.9462 value 0.1105 |  32.8 min left
[ 328.1 min] step  135737 | games 1107936 ( 56.3/s) | buffer  3000000 | reuse 6.00 | policy 1.9499 value 0.1103 |  31.8 min left
[ 329.1 min] step  136151 | games 1112434 ( 56.3/s) | buffer  3000000 | reuse 6.00 | policy 1.9470 value 0.1112 |  30.8 min left
[ 330.1 min] step  136584 | games 1117063 ( 56.4/s) | buffer  3000000 | reuse 6.00 | policy 1.9466 value 0.1110 |  29.8 min left
[ 331.1 min] step  137002 | games 1121697 ( 56.5/s) | buffer  3000000 | reuse 6.00 | policy 1.9496 value 0.1103 |  28.8 min left
[ 332.1 min] step  137427 | games 1126375 ( 56.5/s) | buffer  3000000 | reuse 6.00 | policy 1.9491 value 0.1103 |  27.8 min left
[ 333.1 min] step  137839 | games 1130995 ( 56.6/s) | buffer  3000000 | reuse 6.00 | policy 1.9484 value 0.1102 |  26.8 min left
[ 334.1 min] step  138241 | games 1135506 ( 56.6/s) | buffer  3000000 | reuse 6.00 | policy 1.9498 value 0.1101 |  25.8 min left
[ 335.1 min] step  138676 | games 1140130 ( 56.7/s) | buffer  3000000 | reuse 6.00 | policy 1.9488 value 0.1099 |  24.8 min left
[ 336.1 min] step  139096 | games 1144813 ( 56.8/s) | buffer  3000000 | reuse 6.00 | policy 1.9493 value 0.1097 |  23.8 min left
[ 337.1 min] step  139516 | games 1149465 ( 56.8/s) | buffer  3000000 | reuse 6.00 | policy 1.9496 value 0.1097 |  22.8 min left
[ 338.1 min] step  139949 | games 1154165 ( 56.9/s) | buffer  3000000 | reuse 6.00 | policy 1.9537 value 0.1088 |  21.8 min left
[ 339.1 min] step  140354 | games 1158841 ( 57.0/s) | buffer  3000000 | reuse 6.00 | policy 1.9501 value 0.1094 |  20.8 min left
[ 340.1 min] step  140766 | games 1163494 ( 57.0/s) | buffer  3000000 | reuse 6.00 | policy 1.9517 value 0.1088 |  19.8 min left
[ 341.1 min] step  141191 | games 1168225 ( 57.1/s) | buffer  3000000 | reuse 6.00 | policy 1.9519 value 0.1085 |  18.8 min left
[ 342.1 min] step  141593 | games 1172796 ( 57.1/s) | buffer  3000000 | reuse 6.00 | policy 1.9532 value 0.1077 |  17.8 min left
[ 343.1 min] step  142018 | games 1177509 ( 57.2/s) | buffer  3000000 | reuse 6.00 | policy 1.9563 value 0.1089 |  16.8 min left
[ 344.1 min] step  142427 | games 1182209 ( 57.3/s) | buffer  3000000 | reuse 6.00 | policy 1.9574 value 0.1089 |  15.8 min left
[ 345.1 min] step  142861 | games 1186963 ( 57.3/s) | buffer  3000000 | reuse 6.00 | policy 1.9569 value 0.1088 |  14.8 min left
[ 346.1 min] step  143274 | games 1191622 ( 57.4/s) | buffer  3000000 | reuse 6.00 | policy 1.9564 value 0.1087 |  13.8 min left
[ 347.1 min] step  143691 | games 1196288 ( 57.4/s) | buffer  3000000 | reuse 6.00 | policy 1.9567 value 0.1086 |  12.8 min left
[ 348.1 min] step  144104 | games 1200970 ( 57.5/s) | buffer  3000000 | reuse 6.00 | policy 1.9569 value 0.1089 |  11.8 min left
[ 349.1 min] step  144515 | games 1205703 ( 57.6/s) | buffer  3000000 | reuse 6.00 | policy 1.9563 value 0.1082 |  10.8 min left
[ 350.1 min] step  144935 | games 1210413 ( 57.6/s) | buffer  3000000 | reuse 6.00 | policy 1.9576 value 0.1078 |   9.8 min left
[ 351.1 min] step  145353 | games 1215054 ( 57.7/s) | buffer  3000000 | reuse 6.00 | policy 1.9582 value 0.1073 |   8.8 min left
[ 352.1 min] step  145784 | games 1219743 ( 57.7/s) | buffer  3000000 | reuse 6.00 | policy 1.9582 value 0.1069 |   7.8 min left
[ 353.1 min] step  146203 | games 1224459 ( 57.8/s) | buffer  3000000 | reuse 6.00 | policy 1.9585 value 0.1069 |   6.8 min left
[ 354.1 min] step  146619 | games 1229129 ( 57.8/s) | buffer  3000000 | reuse 6.00 | policy 1.9591 value 0.1069 |   5.8 min left
[ 355.1 min] step  147054 | games 1233915 ( 57.9/s) | buffer  3000000 | reuse 6.00 | policy 1.9595 value 0.1067 |   4.8 min left
[ 356.1 min] step  147454 | games 1238632 ( 58.0/s) | buffer  3000000 | reuse 6.00 | policy 1.9597 value 0.1066 |   3.8 min left
[ 357.1 min] step  147872 | games 1243399 ( 58.0/s) | buffer  3000000 | reuse 6.00 | policy 1.9600 value 0.1066 |   2.8 min left
[ 358.1 min] step  148286 | games 1248157 ( 58.1/s) | buffer  3000000 | reuse 6.00 | policy 1.9602 value 0.1065 |   1.8 min left
[ 359.1 min] step  148711 | games 1253007 ( 58.1/s) | buffer  3000000 | reuse 6.00 | policy 1.9604 value 0.1064 |   0.8 min left
[ 359.9 min] step  149031 | games 1256666 ( 58.2/s) | buffer  3000000 | reuse 6.00 | policy 1.9605 value 0.1065 |   0.0 min left
[learner] finished
[main] workers stopped
