anchor = step_0020000.pt
step_0005000.pt: score   6.2% vs anchor  elo    -470  len 41.1  (41s)
step_0010000.pt: score  14.6% vs anchor  elo    -307  len 45.8  (47s)
step_0015000.pt: score  32.3% vs anchor  elo    -129  len 42.8  (69s)
step_0020000.pt: score  43.8% vs anchor  elo     -44  len 46.1  (69s)
step_0025000.pt: score  55.2% vs anchor  elo     +36  len 54.8  (98s)
step_0030000.pt: score  56.2% vs anchor  elo     +44  len 48.0  (55s)
step_0035000.pt: score  50.0% vs anchor  elo      -0  len 69.8  (104s)
step_0040000.pt: score  83.3% vs anchor  elo    +280  len 44.5  (53s)
step_0045000.pt: score  82.3% vs anchor  elo    +267  len 50.9  (72s)
step_0050000.pt: score  74.0% vs anchor  elo    +181  len 48.4  (72s)
step_0055000.pt: score  80.2% vs anchor  elo    +243  len 44.1  (70s)
step_0060000.pt: score  79.2% vs anchor  elo    +232  len 43.9  (42s)
step_0065000.pt: score  75.0% vs anchor  elo    +191  len 40.4  (44s)
step_0070000.pt: score  86.5% vs anchor  elo    +322  len 44.9  (62s)
step_0075000.pt: score  89.6% vs anchor  elo    +374  len 39.7  (35s)
step_0080000.pt: score  81.2% vs anchor  elo    +255  len 39.3  (35s)
step_0085000.pt: score  81.2% vs anchor  elo    +255  len 39.3  (38s)
step_0090000.pt: score  79.2% vs anchor  elo    +232  len 41.2  (44s)
step_0095000.pt: score  87.5% vs anchor  elo    +338  len 38.5  (36s)
step_0100000.pt: score  89.6% vs anchor  elo    +374  len 38.5  (41s)
step_0105000.pt: score  89.6% vs anchor  elo    +374  len 36.4  (38s)
step_0110000.pt: score  87.5% vs anchor  elo    +338  len 35.8  (31s)
step_0115000.pt: score  87.5% vs anchor  elo    +338  len 40.4  (41s)
step_0120000.pt: score  89.6% vs anchor  elo    +374  len 35.4  (31s)
step_0125000.pt: score  89.6% vs anchor  elo    +374  len 33.8  (29s)
step_0130000.pt: score  85.4% vs anchor  elo    +307  len 38.8  (42s)
step_0135000.pt: score  88.5% vs anchor  elo    +355  len 42.1  (61s)
step_0140000.pt: score  85.4% vs anchor  elo    +307  len 35.2  (32s)
step_0145000.pt: score  87.5% vs anchor  elo    +338  len 37.4  (32s)
step_0149031.pt: score  89.6% vs anchor  elo    +374  len 39.6  (42s)
